// Jest Snapshot v1, https://goo.gl/fbAQLP

exports[`pruebas en GifGridItem Debe mostrar el componente correctamente 1`] = `
<div
  className="card animate__animated animate__fadeInUp"
>
  <img />
  <p />
</div>
`;
